Find preprocessed files
1
2
torch.Size([50])
torch.Size([50, 10, 30])
torch.Size([50, 10])
torch.Size([50, 15])
torch.Size([50, 100])
torch.Size([50, 400])
torch.Size([50, 100])
